1 reader has read recording with number 41
1 author changed the recording with number 41
0 author changed the recording with number 41

1 reader has read recording with number 67
1 author changed the recording with number 34
1 reader has read recording with number 34
0 author changed the recording with number 34
1 reader has read recording with number 0
1 author changed the recording with number 69
1 reader has read recording with number 69
0 author changed the recording with number 69
1 reader has read recording with number 24
1 author changed the recording with number 78
1 reader has read recording with number 78
0 author changed the recording with number 78
1 reader has read recording with number 58
1 author changed the recording with number 62
1 reader has read recording with number 62
0 author changed the recording with number 62
1 reader has read recording with number 64
1 author changed the recording with number 5
1 reader has read recording with number 5
0 author changed the recording with number 5
1 reader has read recording with number 45
1 author changed the recording with number 81
1 reader has read recording with number 81
0 author changed the recording with number 81
1 reader has read recording with number 27
1 author changed the recording with number 61
1 reader has read recording with number 61
0 author changed the recording with number 61
1 reader has read recording with number 91
1 author changed the recording with number 95
1 reader has read recording with number 95
0 author changed the recording with number 95
1 reader has read recording with number 42
1 author changed the recording with number 27
1 reader has read recording with number 27
0 author changed the recording with number 27
1 reader has read recording with number 36
1 author changed the recording with number 91
1 reader has read recording with number 91
0 author changed the recording with number 91
1 reader has read recording with number 4
1 author changed the recording with number 2
1 reader has read recording with number 2
0 author changed the recording with number 2
1 reader has read recording with number 53
1 author changed the recording with number 92
1 reader has read recording with number 92
0 author changed the recording with number 92
1 reader has read recording with number 82
1 author changed the recording with number 21
1 reader has read recording with number 21
0 author changed the recording with number 21
1 reader has read recording with number 16
1 author changed the recording with number 18
1 reader has read recording with number 18
0 author changed the recording with number 18
1 reader has read recording with number 95
1 author changed the recording with number 47
1 reader has read recording with number 47
0 author changed the recording with number 47
1 reader has read recording with number 26
1 author changed the recording with number 71
1 reader has read recording with number 71
0 author changed the recording with number 71
1 reader has read recording with number 38
1 author changed the recording with number 69
1 reader has read recording with number 69
0 author changed the recording with number 69
1 reader has read recording with number 12
1 author changed the recording with number 67
1 reader has read recording with number 67
0 author changed the recording with number 67
1 reader has read recording with number 99
1 author changed the recording with number 35
1 reader has read recording with number 35
0 author changed the recording with number 35
1 reader has read recording with number 94
1 author changed the recording with number 3
1 reader has read recording with number 3
0 author changed the recording with number 3
1 reader has read recording with number 11
1 author changed the recording with number 22
1 reader has read recording with number 22
0 author changed the recording with number 22
1 reader has read recording with number 33
1 author changed the recording with number 73
1 reader has read recording with number 73
0 author changed the recording with number 73
1 reader has read recording with number 64
1 author changed the recording with number 41
1 reader has read recording with number 41
0 author changed the recording with number 41
1 reader has read recording with number 11
1 author changed the recording with number 53
1 reader has read recording with number 53
0 author changed the recording with number 53
1 reader has read recording with number 68
Readers has read 50 recordings. Writers has changed 50 recordings.
